// Jest Snapshot v1, https://goo.gl/fbAQLP

exports[`Tax Result test suite SnapShot testing 1`] = `
<DocumentFragment>
  <h1
    class="af-title--content"
  >
    Résultat
  </h1>
  <div
    class="tax-result"
  >
    <dl
      class="af-restitution__listdef"
    >
      <dt
        class="af-restitution__listdef-item"
      >
        <span
          class="af-restitution__text"
        >
          Taux d'imposition
        </span>
      </dt>
      <dd
        class="af-restitution__listdef-value"
      >
        34 %
      </dd>
    </dl>
    <dl
      class="af-restitution__listdef"
    >
      <dt
        class="af-restitution__listdef-item"
      >
        <span
          class="af-restitution__text"
        >
          Montant impôt
        </span>
      </dt>
      <dd
        class="af-restitution__listdef-value"
      >
        3444 €
      </dd>
    </dl>
    <dl
      class="af-restitution__listdef"
    >
      <dt
        class="af-restitution__listdef-item"
      >
        <span
          class="af-restitution__text"
        >
          Nombre de part
        </span>
      </dt>
      <dd
        class="af-restitution__listdef-value"
      >
        2
      </dd>
    </dl>
  </div>
</DocumentFragment>
`;
